
Copyright (C) 1994-2019 Synopsys, Inc.
This Synopsys software and all associated documentation are proprietary to Synopsys, Inc.
and may only be used pursuant to the terms and conditions of a written license agreement
with Synopsys, Inc. All other use, reproduction, modification, or distribution of the
Synopsys software or the associated documentation is strictly prohibited.
Tool: Synplify Pro (R)
Build: P-2019.03G-Beta4
Install: E:\Gowin\Gowin_V1.9.2Beta\SynplifyPro
OS: Windows 6.2

Hostname: SKY-20180728DOH

Implementation : rev_1
Synopsys HDL compiler and linker, Version comp2019q1p1, Build 231R, Built Aug  2 2019 09:58:27

Modified Files: 8
FID:  path (prevtimestamp, timestamp)
0        E:\Gowin\Gowin_V1.9.2Beta\IDE\data\ipcores\GAO\GW_CON\gw_con_top.v (N/A, 2019-08-30 13:57:30)
1        E:\Gowin\Gowin_V1.9.2Beta\SynplifyPro\lib\generic\gw2a.v (N/A, 2019-08-03 01:46:04)
2        E:\Gowin\Gowin_V1.9.2Beta\SynplifyPro\lib\vlog\hypermods.v (N/A, 2019-08-03 00:54:14)
3        E:\Gowin\Gowin_V1.9.2Beta\SynplifyPro\lib\vlog\scemi_objects.v (N/A, 2019-08-03 00:54:14)
4        E:\Gowin\Gowin_V1.9.2Beta\SynplifyPro\lib\vlog\scemi_pipes.svh (N/A, 2019-08-03 00:54:14)
5        E:\Gowin\Gowin_V1.9.2Beta\SynplifyPro\lib\vlog\umr_capim.v (N/A, 2019-08-03 00:54:14)
6        E:\gowin_projects\myproj\myproj_blue2\temp\gao\ao_control\gw_con_parameter.v (N/A, 2019-11-17 13:24:32)
7        E:\gowin_projects\myproj\myproj_blue2\temp\gao\ao_control\gw_con_top_define.v (N/A, 2019-11-17 13:24:32)

*******************************************************************
Modules that may have changed as a result of file changes: 1
MID:  lib.cell.view
0        work.gw_con_top.verilog may have changed because the following files changed:
                        E:\Gowin\Gowin_V1.9.2Beta\IDE\data\ipcores\GAO\GW_CON\gw_con_top.v (N/A, 2019-08-30 13:57:30) <-- (module definition)

*******************************************************************
Unmodified files: 0
FID:  path (timestamp)

*******************************************************************
Unchanged modules: 0
MID:  lib.cell.view
